// Jest Snapshot v1, https://goo.gl/fbAQLP

exports[`Azure Virtual Network Example renders the Example Azure Virtual Network and checks snapshot 1`] = `
"{
  "output": {
    "resource_group_name": {
      "value": "\${azurerm_resource_group.rg.name}"
    },
    "subnet_name": {
      "value": "\${azurerm_subnet.testAzureVirtualNetworkDefaults_subnet1_2DB834E8.name}"
    },
    "virtual_network_name": {
      "value": "\${azurerm_virtual_network.testAzureVirtualNetworkDefaults_vnet_D8C7A0F3.name}"
    }
  },
  "provider": {
    "azurerm": [
      {
        "features": {
        }
      }
    ]
  },
  "resource": {
    "azurerm_resource_group": {
      "rg": {
        "location": "eastus",
        "name": "rg-\${var.name}"
      }
    },
    "azurerm_subnet": {
      "testAzureRemoteVirtualNetworkDefaults_subnet1_9BF78038": {
        "address_prefixes": [
          "10.1.1.0/24"
        ],
        "name": "subnet1",
        "resource_group_name": "\${azurerm_resource_group.rg.name}",
        "virtual_network_name": "\${azurerm_virtual_network.testAzureRemoteVirtualNetworkDefaults_vnet_638C5DB3.name}"
      },
      "testAzureRemoteVirtualNetworkDefaults_subnet2_5C103062": {
        "address_prefixes": [
          "10.1.2.0/24"
        ],
        "name": "subnet2",
        "resource_group_name": "\${azurerm_resource_group.rg.name}",
        "virtual_network_name": "\${azurerm_virtual_network.testAzureRemoteVirtualNetworkDefaults_vnet_638C5DB3.name}"
      },
      "testAzureVirtualNetworkDefaults_subnet1_2DB834E8": {
        "address_prefixes": [
          "10.0.1.0/24"
        ],
        "name": "subnet1",
        "resource_group_name": "\${azurerm_resource_group.rg.name}",
        "virtual_network_name": "\${azurerm_virtual_network.testAzureVirtualNetworkDefaults_vnet_D8C7A0F3.name}"
      },
      "testAzureVirtualNetworkDefaults_subnet2_5D8D2CC1": {
        "address_prefixes": [
          "10.0.2.0/24"
        ],
        "name": "subnet2",
        "resource_group_name": "\${azurerm_resource_group.rg.name}",
        "virtual_network_name": "\${azurerm_virtual_network.testAzureVirtualNetworkDefaults_vnet_D8C7A0F3.name}"
      }
    },
    "azurerm_virtual_network": {
      "testAzureRemoteVirtualNetworkDefaults_vnet_638C5DB3": {
        "address_space": [
          "10.1.0.0/16"
        ],
        "location": "westus",
        "name": "vnet-\${var.name}2",
        "resource_group_name": "\${azurerm_resource_group.rg.name}"
      },
      "testAzureVirtualNetworkDefaults_vnet_D8C7A0F3": {
        "address_space": [
          "10.0.0.0/16"
        ],
        "location": "eastus",
        "name": "vnet-\${var.name}",
        "resource_group_name": "\${azurerm_resource_group.rg.name}"
      }
    },
    "azurerm_virtual_network_peering": {
      "testAzureVirtualNetworkDefaults_TfTokenTOKEN36_VNetPeerLocaltoRemote_F643C62C": {
        "name": "\${azurerm_virtual_network.testAzureVirtualNetworkDefaults_vnet_D8C7A0F3.name}to\${azurerm_virtual_network.testAzureRemoteVirtualNetworkDefaults_vnet_638C5DB3.name}",
        "remote_virtual_network_id": "\${azurerm_virtual_network.testAzureRemoteVirtualNetworkDefaults_vnet_638C5DB3.id}",
        "resource_group_name": "\${azurerm_virtual_network.testAzureVirtualNetworkDefaults_vnet_D8C7A0F3.resource_group_name}",
        "virtual_network_name": "\${azurerm_virtual_network.testAzureVirtualNetworkDefaults_vnet_D8C7A0F3.name}"
      },
      "testAzureVirtualNetworkDefaults_TfTokenTOKEN36_VNetPeerRemotetoLocal_F5E01733": {
        "name": "\${azurerm_virtual_network.testAzureRemoteVirtualNetworkDefaults_vnet_638C5DB3.name}to\${azurerm_virtual_network.testAzureVirtualNetworkDefaults_vnet_D8C7A0F3.name}",
        "remote_virtual_network_id": "\${azurerm_virtual_network.testAzureVirtualNetworkDefaults_vnet_D8C7A0F3.id}",
        "resource_group_name": "\${azurerm_virtual_network.testAzureRemoteVirtualNetworkDefaults_vnet_638C5DB3.resource_group_name}",
        "virtual_network_name": "\${azurerm_virtual_network.testAzureRemoteVirtualNetworkDefaults_vnet_638C5DB3.name}"
      }
    }
  },
  "terraform": {
    "required_providers": {
      "azurerm": {
        "source": "azurerm",
        "version": "3.75.0"
      }
    }
  },
  "variable": {
    "name": {
      "default": "test",
      "description": "System name used to randomize the resources",
      "type": "string"
    }
  }
}"
`;

exports[`Azure Virtual Network With Defaults renders an Azure Virtual Network with defaults and checks snapshot 1`] = `
"{
  "provider": {
    "azurerm": [
      {
        "features": {
        }
      }
    ]
  },
  "resource": {
    "azurerm_subnet": {
      "testAzureVirtualNetworkDefaults_default_85452F83": {
        "address_prefixes": [
          "10.1.0.0/24"
        ],
        "name": "default",
        "resource_group_name": "rg-test",
        "virtual_network_name": "\${azurerm_virtual_network.testAzureVirtualNetworkDefaults_vnet_D8C7A0F3.name}"
      }
    },
    "azurerm_virtual_network": {
      "testAzureVirtualNetworkDefaults_vnet_D8C7A0F3": {
        "address_space": [
          "10.0.0.0/16"
        ],
        "location": "eastus",
        "name": "vnet-test",
        "resource_group_name": "rg-test"
      }
    }
  },
  "terraform": {
    "required_providers": {
      "azurerm": {
        "source": "azurerm",
        "version": "3.75.0"
      }
    }
  }
}"
`;
