// Jest Snapshot v1, https://goo.gl/fbAQLP

exports[`AzureLogAnalytics-Snapshot renders a AzureLogAnalytics 1`] = `
"{
}"
`;
