// Jest Snapshot v1, https://goo.gl/fbAQLP

exports[`AzureResourceGroup-Snapshot renders a AzureResourceGroup and checks snapshot 1`] = `
"{
}"
`;
