// Jest Snapshot v1, https://goo.gl/fbAQLP

exports[`Azure Linux Virtual Machine  Scale Set Example renders the Azure Linux Virtual Machine Scale Set and checks snapshot 1`] = `
"{
  "data": {
    "azurerm_client_config": {
      "CurrentClientConfig": {
      }
    },
    "azurerm_monitor_diagnostic_categories": {
      "vm_diagsettings_diagcategories_DD67277A": {
        "resource_id": "\${azurerm_linux_virtual_machine_scale_set.vm_vmss_DAFCB7B9.id}"
      }
    }
  },
  "output": {
    "public_ip_name": {
      "value": "testpublicip"
    },
    "resource_group_name": {
      "value": "\${azurerm_resource_group.rg.name}"
    },
    "vm_name": {
      "value": "\${azurerm_linux_virtual_machine_scale_set.vm_vmss_DAFCB7B9.name}"
    },
    "vm_size": {
      "value": "Standard_B1s"
    }
  },
  "provider": {
    "azurerm": [
      {
        "features": {
        }
      }
    ]
  },
  "resource": {
    "azurerm_linux_virtual_machine_scale_set": {
      "vm_vmss_DAFCB7B9": {
        "admin_password": "Password1234!",
        "admin_username": "testadmin",
        "disable_password_authentication": false,
        "identity": {
          "type": "SystemAssigned"
        },
        "instances": 1,
        "location": "eastus",
        "name": "\${var.name}",
        "network_interface": [
          {
            "ip_configuration": [
              {
                "name": "internal",
                "primary": true,
                "public_ip_address": [
                  {
                    "name": "testpublicip"
                  }
                ],
                "subnet_id": "\${azurerm_subnet.subnet1.id}"
              }
            ],
            "name": "nic-\${var.name}",
            "primary": true
          }
        ],
        "os_disk": {
          "caching": "ReadWrite",
          "storage_account_type": "Standard_LRS"
        },
        "resource_group_name": "\${azurerm_resource_group.rg.name}",
        "sku": "Standard_B1s",
        "source_image_reference": {
          "offer": "0001-com-ubuntu-server-jammy",
          "publisher": "Canonical",
          "sku": "22_04-lts-gen2",
          "version": "latest"
        },
        "user_data": "IyEvYmluL2Jhc2gKc3VkbyBhcHQtZ2V0IGluc3RhbGwgLXkgYXBhY2hlMg=="
      }
    },
    "azurerm_monitor_diagnostic_setting": {
      "vm_diagsettings_8EBAF777": {
        "dynamic": {
          "enabled_log": {
            "content": {
              "category": "\${enabled_log.value}"
            },
            "for_each": "\${tolist(data.azurerm_monitor_diagnostic_categories.vm_diagsettings_diagcategories_DD67277A.log_category_types)}"
          },
          "metric": {
            "content": {
              "category": "\${metric.value}"
            },
            "for_each": "\${tolist(data.azurerm_monitor_diagnostic_categories.vm_diagsettings_diagcategories_DD67277A.metrics)}"
          }
        },
        "name": "diagsettings",
        "storage_account_id": "\${azurerm_storage_account.storage.id}",
        "target_resource_id": "\${azurerm_linux_virtual_machine_scale_set.vm_vmss_DAFCB7B9.id}"
      }
    },
    "azurerm_resource_group": {
      "rg": {
        "location": "eastus",
        "name": "rg-\${var.name}"
      }
    },
    "azurerm_role_assignment": {
      "vm_TfTokenTOKEN68Contributor_role_95B3165E": {
        "principal_id": "\${data.azurerm_client_config.CurrentClientConfig.object_id}",
        "role_definition_name": "Contributor",
        "scope": "\${azurerm_linux_virtual_machine_scale_set.vm_vmss_DAFCB7B9.id}"
      }
    },
    "azurerm_storage_account": {
      "storage": {
        "account_replication_type": "LRS",
        "account_tier": "Standard",
        "location": "\${azurerm_resource_group.rg.location}",
        "min_tls_version": "TLS1_2",
        "name": "sta\${var.name}88r93",
        "network_rules": {
          "bypass": [
            "AzureServices"
          ],
          "default_action": "Deny"
        },
        "public_network_access_enabled": false,
        "resource_group_name": "\${azurerm_resource_group.rg.name}"
      }
    },
    "azurerm_subnet": {
      "subnet1": {
        "address_prefixes": [
          "10.0.1.0/24"
        ],
        "name": "subnet1",
        "resource_group_name": "\${azurerm_resource_group.rg.name}",
        "virtual_network_name": "\${azurerm_virtual_network.vnet.name}"
      }
    },
    "azurerm_virtual_machine_scale_set_extension": {
      "vm_AADSSHlogin_8D52653D": {
        "name": "AADSSHLoginForLinux",
        "publisher": "Microsoft.Azure.ActiveDirectory",
        "type": "AADSSHLoginForLinux",
        "type_handler_version": "1.0",
        "virtual_machine_scale_set_id": "\${azurerm_linux_virtual_machine_scale_set.vm_vmss_DAFCB7B9.id}"
      }
    },
    "azurerm_virtual_network": {
      "vnet": {
        "address_space": [
          "10.0.0.0/16"
        ],
        "location": "\${azurerm_resource_group.rg.location}",
        "name": "vnet-\${var.name}",
        "resource_group_name": "\${azurerm_resource_group.rg.name}"
      }
    }
  },
  "terraform": {
    "required_providers": {
      "azurerm": {
        "source": "azurerm",
        "version": "3.70.0"
      }
    }
  },
  "variable": {
    "name": {
      "default": "test",
      "description": "System name used to randomize the resources",
      "type": "string"
    }
  }
}"
`;

exports[`Azure Linux Virtual Machine Scale Set With Defaults renders an Azure Linux Virtual Machine  Scale Set with defaults and checks snapshot 1`] = `
"{
  "provider": {
    "azurerm": [
      {
        "features": {
        }
      }
    ]
  },
  "resource": {
    "azurerm_linux_virtual_machine_scale_set": {
      "testVirtualMachineScaleSet_vmss_4AC909AF": {
        "admin_username": "admintestAzureVMSSWithDefaults",
        "disable_password_authentication": true,
        "instances": 1,
        "location": "eastus",
        "name": "testAzureVMSSWithDefaults",
        "network_interface": [
          {
            "ip_configuration": [
              {
                "name": "internal",
                "primary": true,
                "subnet_id": "\${azurerm_subnet.testVirtualMachineScaleSet_vnet_default_097110D2.id}"
              }
            ],
            "name": "nic-testAzureVMSSWithDefaults",
            "primary": true
          }
        ],
        "os_disk": {
          "caching": "ReadWrite",
          "storage_account_type": "Standard_LRS"
        },
        "resource_group_name": "\${azurerm_resource_group.MyResourceGroup.name}",
        "sku": "Standard_B2s",
        "source_image_reference": {
          "offer": "0001-com-ubuntu-server-jammy",
          "publisher": "Canonical",
          "sku": "22_04-lts-gen2",
          "version": "latest"
        }
      }
    },
    "azurerm_resource_group": {
      "MyResourceGroup": {
        "location": "eastus",
        "name": "rg-test"
      }
    },
    "azurerm_subnet": {
      "testVirtualMachineScaleSet_vnet_default_097110D2": {
        "address_prefixes": [
          "10.1.0.0/24"
        ],
        "name": "default",
        "resource_group_name": "\${azurerm_resource_group.MyResourceGroup.name}",
        "virtual_network_name": "\${azurerm_virtual_network.testVirtualMachineScaleSet_vnet_6B0AF69B.name}"
      }
    },
    "azurerm_virtual_network": {
      "testVirtualMachineScaleSet_vnet_6B0AF69B": {
        "address_space": [
          "10.0.0.0/16"
        ],
        "location": "eastus",
        "name": "vnet-testAzureVMSSWithDefaults",
        "resource_group_name": "\${azurerm_resource_group.MyResourceGroup.name}"
      }
    }
  },
  "terraform": {
    "required_providers": {
      "azurerm": {
        "source": "azurerm",
        "version": "3.70.0"
      }
    }
  }
}"
`;
