// Jest Snapshot v1, https://goo.gl/fbAQLP

exports[`Azure Windows Virtual Machine  Scale Set Example renders the Azure Windows Virtual Machine Scale Set and checks snapshot 1`] = `
"{
  "data": {
    "azurerm_client_config": {
      "CurrentClientConfig": {
      }
    },
    "azurerm_monitor_diagnostic_categories": {
      "vmss_diagsettings_diagcategories_E03AFDA3": {
        "resource_id": "\${azurerm_windows_virtual_machine_scale_set.vmss_EA5696D9.id}"
      }
    }
  },
  "output": {
    "public_ip_name": {
      "value": "testpublicip"
    },
    "resource_group_name": {
      "value": "\${azurerm_resource_group.rg.name}"
    },
    "vm_name": {
      "value": "\${azurerm_windows_virtual_machine_scale_set.vmss_EA5696D9.name}"
    },
    "vm_size": {
      "value": "Standard_B1s"
    }
  },
  "provider": {
    "azurerm": [
      {
        "features": {
        }
      }
    ]
  },
  "resource": {
    "azurerm_monitor_diagnostic_setting": {
      "vmss_diagsettings_22C55F67": {
        "dynamic": {
          "enabled_log": {
            "content": {
              "category": "\${enabled_log.value}"
            },
            "for_each": "\${tolist(data.azurerm_monitor_diagnostic_categories.vmss_diagsettings_diagcategories_E03AFDA3.log_category_types)}"
          },
          "metric": {
            "content": {
              "category": "\${metric.value}"
            },
            "for_each": "\${tolist(data.azurerm_monitor_diagnostic_categories.vmss_diagsettings_diagcategories_E03AFDA3.metrics)}"
          }
        },
        "name": "diagsettings",
        "storage_account_id": "\${azurerm_storage_account.storage.id}",
        "target_resource_id": "\${azurerm_windows_virtual_machine_scale_set.vmss_EA5696D9.id}"
      }
    },
    "azurerm_resource_group": {
      "rg": {
        "location": "eastus",
        "name": "rg-\${var.name}"
      }
    },
    "azurerm_role_assignment": {
      "vmss_TfTokenTOKEN63Contributor_role_5A791E98": {
        "principal_id": "\${data.azurerm_client_config.CurrentClientConfig.object_id}",
        "role_definition_name": "Contributor",
        "scope": "\${azurerm_windows_virtual_machine_scale_set.vmss_EA5696D9.id}"
      }
    },
    "azurerm_storage_account": {
      "storage": {
        "account_replication_type": "LRS",
        "account_tier": "Standard",
        "location": "\${azurerm_resource_group.rg.location}",
        "min_tls_version": "TLS1_2",
        "name": "sta\${var.name}88s96",
        "network_rules": {
          "bypass": [
            "AzureServices"
          ],
          "default_action": "Deny"
        },
        "public_network_access_enabled": false,
        "resource_group_name": "\${azurerm_resource_group.rg.name}"
      }
    },
    "azurerm_subnet": {
      "subnet1": {
        "address_prefixes": [
          "10.0.1.0/24"
        ],
        "name": "subnet1",
        "resource_group_name": "\${azurerm_resource_group.rg.name}",
        "virtual_network_name": "\${azurerm_virtual_network.vnet.name}"
      }
    },
    "azurerm_virtual_machine_scale_set_extension": {
      "vmss_script-ext_0F9B18A4": {
        "name": "\${azurerm_windows_virtual_machine_scale_set.vmss_EA5696D9.name}-script-ext",
        "protected_settings": "{\\"commandToExecute\\": \\"rename  C:\\\\\\\\AzureData\\\\\\\\CustomData.bin  postdeploy.ps1 & powershell -ExecutionPolicy Unrestricted -File C:\\\\\\\\AzureData\\\\\\\\postdeploy.ps1\\"}",
        "publisher": "Microsoft.Compute",
        "type": "CustomScriptExtension",
        "type_handler_version": "1.10",
        "virtual_machine_scale_set_id": "\${azurerm_windows_virtual_machine_scale_set.vmss_EA5696D9.id}"
      }
    },
    "azurerm_virtual_network": {
      "vnet": {
        "address_space": [
          "10.0.0.0/16"
        ],
        "location": "\${azurerm_resource_group.rg.location}",
        "name": "vnet-\${var.name}",
        "resource_group_name": "\${azurerm_resource_group.rg.name}"
      }
    },
    "azurerm_windows_virtual_machine_scale_set": {
      "vmss_EA5696D9": {
        "admin_password": "Password1234!",
        "admin_username": "testadmin",
        "boot_diagnostics": {
          "storage_account_uri": "\${azurerm_storage_account.storage.primary_blob_endpoint}"
        },
        "custom_data": "SW5zdGFsbC1XaW5kb3dzRmVhdHVyZSAtTmFtZSBXZWItU2VydmVyOyAkd2Vic2l0ZSA9ICc8aDE+SGVsbG8gV29ybGQhPC9oMT4nOyBTZXQtQ29udGVudCAiQzpcaW5ldHB1Ylx3d3dyb290XGlpc3N0YXJ0Lmh0bSIgJHdlYnNpdGU=",
        "instances": 1,
        "location": "eastus",
        "name": "\${var.name}",
        "network_interface": [
          {
            "ip_configuration": [
              {
                "name": "internal",
                "primary": true,
                "public_ip_address": [
                  {
                    "name": "testpublicip"
                  }
                ],
                "subnet_id": "\${azurerm_subnet.subnet1.id}"
              }
            ],
            "name": "nic-\${var.name}",
            "primary": true
          }
        ],
        "os_disk": {
          "caching": "ReadWrite",
          "storage_account_type": "Standard_LRS"
        },
        "resource_group_name": "\${azurerm_resource_group.rg.name}",
        "sku": "Standard_B1s",
        "source_image_reference": {
          "offer": "WindowsServer",
          "publisher": "MicrosoftWindowsServer",
          "sku": "2019-Datacenter",
          "version": "latest"
        }
      }
    }
  },
  "terraform": {
    "required_providers": {
      "azurerm": {
        "source": "azurerm",
        "version": "3.70.0"
      }
    }
  },
  "variable": {
    "name": {
      "default": "test",
      "description": "System name used to randomize the resources",
      "type": "string"
    }
  }
}"
`;

exports[`Azure Windows Virtual Machine Scale Set With Defaults renders an Azure Windows Virtual Machine  Scale Set with defaults and checks snapshot 1`] = `
"{
  "provider": {
    "azurerm": [
      {
        "features": {
        }
      }
    ]
  },
  "resource": {
    "azurerm_resource_group": {
      "testVirtualMachineScaleSet_rg_41B4540E": {
        "location": "eastus",
        "name": "rg-undefined"
      }
    },
    "azurerm_subnet": {
      "testVirtualMachineScaleSet_vnet_default_097110D2": {
        "address_prefixes": [
          "10.1.0.0/24"
        ],
        "name": "default",
        "resource_group_name": "\${azurerm_resource_group.testVirtualMachineScaleSet_rg_41B4540E.name}",
        "virtual_network_name": "\${azurerm_virtual_network.testVirtualMachineScaleSet_vnet_6B0AF69B.name}"
      }
    },
    "azurerm_virtual_network": {
      "testVirtualMachineScaleSet_vnet_6B0AF69B": {
        "address_space": [
          "10.0.0.0/16"
        ],
        "location": "eastus",
        "name": "vnet-testAzureVMSSWithDefaults",
        "resource_group_name": "\${azurerm_resource_group.testVirtualMachineScaleSet_rg_41B4540E.name}"
      }
    },
    "azurerm_windows_virtual_machine_scale_set": {
      "testVirtualMachineScaleSet_vmss_4AC909AF": {
        "admin_password": "testPassword&@34$$123",
        "admin_username": "testAdmin",
        "instances": 1,
        "location": "eastus",
        "name": "testAzureVMSSWithDefaults",
        "network_interface": [
          {
            "ip_configuration": [
              {
                "name": "internal",
                "primary": true,
                "subnet_id": "\${azurerm_subnet.testVirtualMachineScaleSet_vnet_default_097110D2.id}"
              }
            ],
            "name": "nic-testAzureVMSSWithDefaults",
            "primary": true
          }
        ],
        "os_disk": {
          "caching": "ReadWrite",
          "storage_account_type": "Standard_LRS"
        },
        "resource_group_name": "\${azurerm_resource_group.testVirtualMachineScaleSet_rg_41B4540E.name}",
        "sku": "Standard_B2s",
        "source_image_reference": {
          "offer": "WindowsServer",
          "publisher": "MicrosoftWindowsServer",
          "sku": "2022-Datacenter-Core",
          "version": "latest"
        }
      }
    }
  },
  "terraform": {
    "required_providers": {
      "azurerm": {
        "source": "azurerm",
        "version": "3.70.0"
      }
    }
  }
}"
`;
