// Jest Snapshot v1, https://goo.gl/fbAQLP

exports[`Azure Kubernetes Cluster With Defaults renders an Azure Kubernetes Cluster with defaults and checks snapshot 1`] = `
"{
  "provider": {
    "azurerm": [
      {
        "features": {
        }
      }
    ]
  },
  "resource": {
    "azurerm_kubernetes_cluster": {
      "testAksCluster_AKS_223A0241": {
        "default_node_pool": {
          "name": "default",
          "node_count": 1,
          "vm_size": "Standard_B2s"
        },
        "dns_prefix": "akstest",
        "identity": {
          "type": "SystemAssigned"
        },
        "location": "eastus",
        "name": "akstest",
        "resource_group_name": "\${azurerm_resource_group.testAksCluster_rg_92DF0F6D.name}",
        "role_based_access_control_enabled": true
      }
    },
    "azurerm_resource_group": {
      "testAksCluster_rg_92DF0F6D": {
        "location": "eastus",
        "name": "rg-akstest"
      }
    }
  },
  "terraform": {
    "required_providers": {
      "azurerm": {
        "source": "azurerm",
        "version": "3.70.0"
      }
    }
  }
}"
`;
