// Jest Snapshot v1, https://goo.gl/fbAQLP

exports[`Azure Network Security Group Example renders the Example Network Security Group and checks snapshot 1`] = `
"{
  "output": {
    "nsg_name": {
      "value": "\${azurerm_network_security_group.nsg_my-nsg_3DA143E1.name}"
    },
    "resource_group_name": {
      "value": "\${azurerm_resource_group.rg.name}"
    },
    "ssh_rule_name": {
      "value": "SSH"
    }
  },
  "provider": {
    "azurerm": [
      {
        "features": {
        }
      }
    ]
  },
  "resource": {
    "azurerm_network_security_group": {
      "nsg_my-nsg_3DA143E1": {
        "location": "eastus",
        "name": "my-nsg",
        "resource_group_name": "\${azurerm_resource_group.rg.name}"
      }
    },
    "azurerm_network_security_rule": {
      "nsg_RDP_802FDDEB": {
        "access": "Allow",
        "destination_address_prefix": "*",
        "destination_port_range": "3389",
        "direction": "Inbound",
        "name": "RDP",
        "network_security_group_name": "\${azurerm_network_security_group.nsg_my-nsg_3DA143E1.name}",
        "priority": 505,
        "protocol": "Tcp",
        "resource_group_name": "\${azurerm_resource_group.rg.name}",
        "source_address_prefix": "10.0.0.0/24",
        "source_port_range": "*"
      },
      "nsg_SSH_56EE6BE4": {
        "access": "Allow",
        "destination_address_prefix": "VirtualNetwork",
        "destination_port_range": "22",
        "direction": "Inbound",
        "name": "SSH",
        "network_security_group_name": "\${azurerm_network_security_group.nsg_my-nsg_3DA143E1.name}",
        "priority": 1001,
        "protocol": "Tcp",
        "resource_group_name": "\${azurerm_resource_group.rg.name}",
        "source_address_prefix": "10.23.15.38",
        "source_port_range": "*"
      }
    },
    "azurerm_resource_group": {
      "rg": {
        "location": "eastus",
        "name": "rg-test"
      }
    },
    "azurerm_subnet": {
      "subnet1": {
        "address_prefixes": [
          "10.0.1.0/24"
        ],
        "name": "subnet1",
        "resource_group_name": "\${azurerm_resource_group.rg.name}",
        "virtual_network_name": "\${azurerm_virtual_network.vnet.name}"
      },
      "subnet2": {
        "address_prefixes": [
          "10.0.2.0/24"
        ],
        "name": "subnet2",
        "resource_group_name": "\${azurerm_resource_group.rg.name}",
        "virtual_network_name": "\${azurerm_virtual_network.vnet.name}"
      }
    },
    "azurerm_subnet_network_security_group_association": {
      "nsg_TfTokenTOKEN36_subassociation_1654316F": {
        "network_security_group_id": "\${azurerm_network_security_group.nsg_my-nsg_3DA143E1.id}",
        "subnet_id": "\${azurerm_subnet.subnet1.id}"
      },
      "nsg_TfTokenTOKEN38_subassociation_A605BE6F": {
        "network_security_group_id": "\${azurerm_network_security_group.nsg_my-nsg_3DA143E1.id}",
        "subnet_id": "\${azurerm_subnet.subnet2.id}"
      }
    },
    "azurerm_virtual_network": {
      "vnet": {
        "address_space": [
          "10.0.0.0/16"
        ],
        "location": "\${azurerm_resource_group.rg.location}",
        "name": "vnet-test",
        "resource_group_name": "\${azurerm_resource_group.rg.name}"
      }
    }
  },
  "terraform": {
    "required_providers": {
      "azurerm": {
        "source": "azurerm",
        "version": "3.66.0"
      }
    }
  }
}"
`;

exports[`Azure Network Security Group With Defaults renders an Azure Network Security Group with defaults and checks snapshot 1`] = `
"{
  "provider": {
    "azurerm": [
      {
        "features": {
        }
      }
    ]
  },
  "resource": {
    "azurerm_network_security_group": {
      "testAzureNetworkSecurityGroupDefaults_my-nsg_C4572744": {
        "location": "eastus",
        "name": "my-nsg",
        "resource_group_name": "rgtest"
      }
    },
    "azurerm_network_security_rule": {
      "testAzureNetworkSecurityGroupDefaults_SSH_B74D5EF3": {
        "access": "Allow",
        "destination_address_prefix": "*",
        "destination_port_range": "22",
        "direction": "Inbound",
        "name": "SSH",
        "network_security_group_name": "\${azurerm_network_security_group.testAzureNetworkSecurityGroupDefaults_my-nsg_C4572744.name}",
        "priority": 501,
        "protocol": "Tcp",
        "resource_group_name": "rgtest",
        "source_address_prefix": "*",
        "source_port_range": "*"
      }
    }
  },
  "terraform": {
    "required_providers": {
      "azurerm": {
        "source": "azurerm",
        "version": "3.66.0"
      }
    }
  }
}"
`;
