// Jest Snapshot v1, https://goo.gl/fbAQLP

exports[`AzureContainerRegistry-Snapshot renders a AzureContainerRegistry and check snapshot 1`] = `
"{
}"
`;
